; Format (MAX_LOAD_PROB = 1000 by default):
; #<RIGHT_obj_vnum_1>
; <RIGHT_mob_vnum_1>  <0 <= obj_qty_1>  <0 <= load_prob_1 <= MAX_LOAD_PROB>
; <RIGHT_mob_vnum_2>  <0 <= obj_qty_2>  <0 <= load_prob_2 <= MAX_LOAD_PROB>
; ..................  ................  ...................................
; <RIGHT_mob_vnum_i>  <0 <= obj_qty_i>  <0 <= load_prob_i <= MAX_LOAD_PROB>
; etc.

; Example:
;
;#500
;38800  10  500
;38801  2 1000
;--------------------

;====================================================================
;----------------------------!!! СЕТЫ !!!----------------------------
;====================================================================

;----------------------------!!!! СЕТ НЕВИДИМОЙ СМЕРТИ !!!----------------------------
;перчатки
#1222
; 80719, глава банды, идол
80719 1 40
; 79304, мастер гильдии, гильда
79304 1 20
;наручи
#1223
; 95204 главный бандюга, наемы2
95204 1 45
; 61617 призрак узника в заброшенной крепости
61617 1 20
;штаны
#1224
; 74916  ашуканец, Веска Белай Русi
74916 1 30
; 10004, старший зять, солова
10004 1 20
;сапоги
#1225
; 78907, снежный человек
78907 1 60
;  13812 Сальвия после цветка
;  13810 Сальвия до цветка
13810 1 30
13812 1 20
;капюшон
#1226
; 95109, глава шайки, наемы1
95109 1 25
; 67001, старый дракон, замок мага
67001 1 40
;плащ
#1227
; 90011, граф дракула
90011 1 20
; 79215 атаман в лапландии
79215 1 40
;пояс
#1228
; 15716 тича пьяный
; 15706 тича трезвый не морфнутый
15706 1 40
15716 1 30
;куртка
#1229
; 30643, вожак ушкуйников, валам
; 95124, полусгнивший мертвяк, наемы1
30643 1 25
95124 1 30
#1230
;кольцо НС - мед поэзии, квест trigedit 70711
; 70349, Вася, таракан
70349 1 25
#1231
; талисман НС - мед поэзии, квест
; 70350, Федя, таракан
70350 1 25
;амулет
#1232
;джинн охранник
84244 1 30
;  20300, великий Хан, китеж
20300 1 70
;печать
#1233
; 62620, печать, Ванька-Каин
62620 1 20
;  77405 князь Василий, лукошко
77405 1 60
;браслет
#1234
; 93235, Ер-Боко-Каан
; 93201, Ер-Боко-Каан
; 80427, тень смерти, детинец
93201 1 30
93235 1 30
80427 1 30
;удавка
#1235
; 16174 удавка, дайме
16174 1 40
; 79310, скалозуб
79310 1 50
;кинжал
#1236
; tstat 92320, клинок, квест скипера
;  95411, пещерный медведь, ближние горы
95411 1 35
;клинок
#1237
; tstat 92320, клинок, квест скипера
; 77304, командир наемного отряда, курский трактир
77304 1 20
;----------------------------!!! СЕТ ТЕМНОЙ ВЛАСТИ !!!----------------------------
;перчатки
#1238
; 28808, богиня ночи
28808 1 20
;  47610, трехглавое чудище, дурман
47610 1 30
;рукава
#1239
; 84224 настоятельница храма сатаны в принце
84224 1 30
; 40007, начальник стражи в брянске
40007 1 40
;штаны
#1240
; 80317, шаман, 2л
80317 1 20
; 47620, великий князь, дурман 
47620 1 35
;сапожки
#1241
; 66110 тварь дрожащая, брянское кладбище
66110 1 20
; 79200, лапландский колдун
79200 1 60
;пояс
#1242
; 68200  призрак черного князя (черниговские курганы)
68200 1 20
;  74821, предводитель нежити
74821 1 50
;роба
#1243
; 27202, повелитель душ проклятая деревня
27202 1 20
; 70200 свирепое животное словене
70200 1 45
;плащ
#1244
; 38800  кащей
38800 1 30
;  38829, черный василиск
38829 1 35
;корона
#1245
; tstat 92320, квест скипера
;333314, одноглазый китаец, китай
333314 1 25
;кольцо
#1246
; trigedit 70711, кольцо, квест меда
;85004 85004 старшая русалка
85004 1 40
;перстень
#1247
; trigedit 70711, кольцо, квест меда
; 69602 чернокрылый вран, перун
69602 1 20
;браслет
#1248
; 67204 брас Змей  Змеюкович, река горынь
67204 1 30
; 74836 чернокнижник нежити
74836 1 30
;окова
#1249
; 80401, созидатель тьмы, детинец в степи
80401 1 30
;  26716 лекарь тьмы, замок нежити
26716 1 40
;ожерелье
#1250
; 61802 владыка разума, отрешенка
; 96020, Игоша, Баба яга (овраги)
61802 1 30
96020 1 60
;амулет
#1251
; 38511 амуль верховный чернок
38511 1 20
; 69300 Двенадцатиглавый змей, морена
69300 1 40
;символ
#1252
;р-2 tstat 92320  квест скипера
; 46121, огненный пес, сожженый лес
46121 1 20
;посох
#1253
;р-2 tstat 92320, квест скипера
; 37800, страшная паучиха, дорога в туманном лесу
37800 1 20
;----------------------------!!! СЕТ ЗАБЫТОЙ МАГИИ !!!----------------------------
;наручи
#1254
; 86209, верховный магистр, тевтоны
86209 1 20
;  70304  огромный таракан, таракан
70304 1 40
;перчатки
#1255
; 68403 темный маг, осажденка
; 56819, старый дух библиотекаря, подземный город
68403 1 20
56819 1 30
;штаны
#1256
; 61508 шаман в цыганском таборе
61508 1 20
;  15500 дух Скилура, скифы
15500 1 50
;сапоги
#1257
; 33006 подслеповатый рыбак в  рыбке
; 32349, сторож берлоги, велесур
33006 1 20
32349 1 35
;пояс
#1258
; 26003 водяной в ЧБ
; 13710, душа рощи, зачарованный город
26003 1 20
13710 1 50
;кольцо
#1259
; 84223 старый маг в принце
84223 2 40
;     63526 матка златобрюхов
63526 2 20
;ожерелье
#1260
; 68310 Езерним, озерка 
68310 2 20
;  79206 Фроствирм, лапландия
79206 2 55
;браслет
#1261
; 37926 долина змеев, большой змей 
; 26609, ггд, дорога к замку нежити
37926 2 30
26609 2 30
;одежды
#1262
; 10100  марья соловьева
10100 1 20
; 47521  Сгусток магической силы, погост у озера
47521 1 40
;мантия
#1263
; 33316  владыка морской (царь)
33316 1 40
; 67714 прародитель огня, ад
67714 1 50
;обруч
#1264
; 91424 болотник на дороге в рипеи
91424 1 20
; 73125 владыка стихий, 4с
73125 1 60
;посох
#1265
;р-2 tstat 92320,  квест скипера
; 26508, отчаяние, подвал замка нежити
26508 1 20
;жезл
#1266
;р-2 tstat 92320,  квест скипера
; 47107, адепт тьмы, черная дорога
47107 1 20
;знак
#1267
; 69510  владыка магии, школа волхвов 
; 35102, пуд волкорез, лесомыки
69510 1 35
35102 1 35
;----------------------------!!! СЕТ ВАЛЬКИРИИ !!!----------------------------
;наручи
#3300
; - квест в тевтонах trig 86132
; 37922, огромный полупрозрачный змей, долина змеев
37922 1 25
;перчатки
#3301
; 11106 Лиля органова в ЗВ
; 63704, верховный семикрыл, дорога предков
11106 1 20
63704 1 40
;поножи
#3302
; 86115  прелат  в тевтонах
; 20413, вдова, малый китеж
86115 1 30
20413 1 25
;сапоги
#3303
; 60717 Царь, ильмень озеро
; 68723, дух безголового всадника, туманный лес/куп.двор
60717 1 20
68723 1 40
;пояс
#3304
; 34620 экзарх (угры)
34620 1 20
;  87719, черный колдун, 3ц
87719 1 60
;перстень
#3305
; - tri 11808 кровавый ворон, квест
; 28105, влиятельный боярин, Боярская застава у Твери
28105 2 20
;амулет
#3306
; 33800 амулет Воевода в остроге
; tri 33814 квест в остроге
33800 1 20
;браслет
#3307
; - tri 68302 квест в озерке
; 61423, большой черный ворон, слепой богатырь
61423 2 20
;доспех
#3308
; - tri 78930 ? квест на крайнем севере
; 69440, велесова вестница, Велес
69440 1 20
;шлем
#3309
; 10300 лукавый прелат 3дв
10300 1 20
; 86626, отвергнутое божество
86626 1 50
;посох
#3310
; - trig 87754 посох квест в 3ц
; 58517, Лохматое чудище, пещеры нд
58517 1 20
;меч
#3311
; квест по возвращению Антиминса в уграх trig 34601 и квест в япе2  trig 16186
;щит
#3312
; - квест в япе-2 trig 16186
; 43012 тень демона, зелье желаний
43012 1 20
;плащ 
#3313
; 38412 Черномор в подводе
38412 1 30
;  79208 ледяной страж, лапландия
79208 1 40
;кольчужный воротник
#3314
; 30647, воротник, ангел в Валааме
30647 1 20
;  69633 змеище-горынище, перун
69633 1 40
;клинок
#3392
; 92609 клинок, Амал, р2
; 66512 огромная рысь, приднепровское селение (антоновка)
92609 1 90
66512 1 20
;----------------------------!!! СЕТ ВЕЛИКОГО ВОИНА !!!----------------------------
;наручи
#3315
; 62109  Старый ярл - у марба
; 89921 темный дух, ливоны
62109 1 20
89921 1 30
;сапоги
#3316
; 76403  Старая ведьма - Дорога от Мурома в Тотьму
; tri 63502, квест ежа в златобрюхах
76403 1 25
;поножи
#3317
; 61904 дьявол искуситель ? загроба
61904 1 30
; квест в муромской деревушке 67108
;воротник
#3318
; 26810  царь минотавров
; 29505,  сплетница Малафья, Финист
29505 2 20
26810 2 40
;плащ
#3319
; 92705 Святогор в р2
92705 1 70
; 77439, пыль нехоженых троп, лукошко
77439 1 20
;браслет
#3320
; 70004 Муиртайг, вики
70004 2 20
;  74918 пан неморф, веска
74918 2 30
;кольцо
#3321
; 63602 Вышгородский воевода-князь
; 56815, магический двойник, подземный город
63602 2 20
56815 2 40
;рукавицы
#3322
; 38408 морф, чудо-юдо-рыба-кит, застава
; 38408, чудо-юдо-рыба-кит, застава
; 23510 Вуивир, каменоломня
38408 1 55
38419 1 20
23510 1 20
;шишак
#3323
; 80300  Воевода в двух лагерях
; 47106, предводитель нежити, черная дорога
80300 1 20
47106 1 40
;пояс
#3324
; 62215, Атли конунг, урмане
62215 1 20
;91500 двухголовый красный змей
91500 1 70
;кольчуга
#3325
; 63717, Туманняй ткач, дорога предков
63717 1 60
; 20414, матерый крыс, малый китеж
20414 1 25
;двуручник
#3326
;tri 72216, Хозяйка медной горы, падает со стеллажей
; 61302 главный водяник, водяники
61302 1 20
;секира
#3327
; 92008 рарог, р2
92008 1 50
;  70348, секира, прусский капитан, таракан-тараканище
70348 1 25
;сабля
#3328
; - tri 37912 с квеста в долине змеев
;69528 хранитель мудрости старших классов, школа волхвов
69528 1 30
; щит
#3359
; 77831, щит Альвина, деревня ремесленников
77831 1 20
;85006 кот-баюн (доступ к мобу по квесту)
85006 1 50

;----------------------------!!! СЕТ ГЕОРГИЯ ПОБЕДОНОСЦА !!!----------------------------
;наручи
#3329
; 56013, хазарский тысяцкий
56013 1 25
; квест в муромской деревушке tri 67108
;сапоги
#3330
; 34211  командир в остроге
34211 1 20
; 96317 старший велет, Прадуб
96317 1 50
;поножи
#3331
; 70001 волкодлак, вики
70001 1 35
;  35110 хромой лесомыка
35110 1 20
;кольчуга
#3332
; 30602  монах воин, валаам
30602 1 20
; 26506 ненависть,  разъедающая сознание, подвалы нежити
26506 1 35
;авентайл
#3333
; 78906 детеныш снежного человека, крайний север
; 26812 минотавр-кузнец, миносы
78906 2 30
26812 2 40
;кольцо
#3334
; trig 51825 квест в болдиный горах
; 66918, ведьма в новгородке
66918 2 25
;браслет
#3335
; 80312  стратег, два лагеря
; 96304 Людница, прадуб
80312 2 25
96304 2 50
;перчатки
#3336
; 70702  конунг в меде
; 32356,  седой знахарь, велесур
70702 1 25
32356 1 35
;плащ
#3337
; 25725 дракон в игволенде
25725 1 30
; 20400 баскак, китеж
20400 1 40
;пояс
#3338
; 95222  хранитель храма в поселении  наемников
95222 1 60
;три девы в морене
69302 1 25
69303 1 25
69304 1 25
;шлем
#3339
; 86613 призрак барона в поместье
86613 1 40
; 72408 смотритель, медные рудники
72408 1 70
;лук
#3340
; 91422, лук, дикобраз с семейством на дороге в рипеи
; 46116, огненный демон, сожженый лес
91422 1 35
46116 1 45
;сабля
#3341
;владыка нечисти в аду в конце
;29631 Дуремар, буратина
66613 1 50
29631 1 20
;кинжал
#3342
;владыка нечисти в аду в конце
; 29633  Бородач, буратина
66613 1 50
29633 1 20
; копье
#3357
; 14906, копье, боярин, тверские хоромы
14906 1 25
; 20321 тушимэл - набег на китеж
20321 1 50
; щит
#3358
; 20202 тысяцкий в китеже
20202 1 30
;  66803, щит Глава налетчиков
66803 1 20
; 
;----------------------------!!! СЕТ ДАЛЬНИХ СТРАНСТВИЙ !!!----------------------------
;наручи
#3343
; trig 68701, квест демидова, купеческий двор
;69305 Мара-Морена
69305 1 60
;сапоги
#3344
; trig 10110, квест в солове
;85038 хозяйка-метель
85038 1 40
;штаны
#3345
; 25519  пущевик на тракте Переяславль-Чернигов2
25519 1 20
;  26717 Барон Симерон, замок нежити
26717 1 60
;куртка
#3346
; 95406 заклинатель гор, ближние горы
95406 1 60
; 95438, пронырливый скелет, ближние горы
95438 1 20
;амулет
#3347
; 70005 Вальгрим, вики
70005 2 20
;  77415 или 77441 змей Горыныч, лукошко
77415 2 40
77441 2 40
;четки
#3348
; 63705 четки  семикрыл огромный, дорога предков
63705 2 20
;  46116 огненный демон, сожженый лес
46116 2 40
;перчатки
#3349
; trig 65301, квест с колесником на дороге я брянск
;  73118 каменное проклятие, 4стихии
73118 1 60
;плащ
#3350
; 42905  купец в лагере, торговый тракт2 у нк
42905 1 20
;  92227 Рута р2
92227 1 65
;пояс
#3351
; 76106  вирява
76106 1 20
;  86520 князь миндовг дневной
;  86523 князь миндовг ночной
86520 1 30
86523 1 30
;обруч
#3352
; 89906 легат в ливонах
89906 1 20
;69330 вамфири, морена
69306 1 30
;посох
#3353
;старый ведун на дороге к варягам у муравьев
70101 1 20
; 70401  призрак Ангрбоды, словены
70401 1 50
;кольцо
#3354
;старик в рыбацкой - квест на локон tri 33011
; 67208,  орел поднебесный, Горынь
67208 2 20
;кинжал
#3355
;зеленый змий у Силантия
38116 1 20
;85021 баенник (доступ по квесту)
85021 1 30
#3356
; tri 95233 хранитель храма в наемах2
;  80413 мастер черного круга, детинец в степи
80413 1 50
;----------------------------!!! СЕТ ВЕЛЕСОВА РАТАНИЯ !!!----------------------------
;наручи
#3360
; 86116  измученный пленник, тевтоны
86116 1 20
; 80713  каменный страж, идол
80713 1 40
;перчатки
#3361
; 11106  Лиля органова в бунтарке
11106 1 20
; 92005 призрак святого воина, р2 развалы
92005 1 30
;поножи
#3362
; 86207 важный священник, тевтоны
; 72403 жирная серая крыса, медные рудники
86207 1 20
72403 1 45
;сапоги
#3363
; 77412 добрыня, лукошко
; 79449  седой отшельник, лодья
77412 1 40
79449 1 20
;пояс
#3364
;  87719 черный колдун, 3ц
; 93518  Вий (в церкви)
87719 1 60
93518 1 20
;перстень
#3365
; 11100  Мясник, бунтарка
11100 2 20
;85006 кот- баюн, около ростова
85006 2 50
;амулет
#3366
; 33800 амулет Воевода в остроге
33800 1 20
;браслет
#3367
; 13800  воин-гигант, зачарованный город 
13800 2 30
; tstat 61903 квест загробы
;доспех
#3368
; 16136 ронин Япония-2 
16136 1 40
; 69609 младой Огнекудрый Витязь, перун
69609 1 20
;шлем
#3369
; 20113 домовой, зона склеп
20113 1 20
;  86626 отвергнутое божество, таин. поместье
86626 1 20
;посох
#3370
; 20320 багник, Осада Китеж-града
20320 1 50
; 35921, старая ведьма, северный хутор
35921 1 20
;меч
#3371
; 25107, старшина ополчения, Окрестности Переяславля
25107 1 20
; 67008, дух мечник, башня мага
67008 1 25
;щит
#3372
; 25503,  велесов волхв Дорога в лесу   Переяславль-Чернигов
25503 1 20
;  74903, дух селянина, веска
74903 1 20
;плащ 
#3373
; 30511  морской конунг, Дорога в Ладогу
30511 1 20
; 26710 огненный столб, Замок нежити
26710 1 70
;кольчужный воротник
#3374
; 26807 минотавр-шаман, Логово минотавров
; 70221, дух жреца, словены курган
26807 1 40
70221 1 25
;сабля
#3391
; 30613, сабля, седой игумен, Остров Валаам
; 61803 верный слуга владыки, отрешенка
30613 1 40
61803 1 20
;----------------------------!!! СЕТ ЮНОЙ ДЗЕВАНЫ !!!----------------------------
;наручи
#3375
; 33218 морской ураган Подводное царство 
33218 1 20
; 86603 призрачный дракон, поместье
86603 1 40
;сапоги
#3376
; 32100  Снежная королева
32100 1 20
; 26709  голем из жидкого металла - замок нежити
26709 1 35
;поножи
#3377
; 37916 старый красный змей, Долина змеев
37916 1 30
;  35110 хромой лесомыка, лесомыки
35110 1 20
;кольчуга
#3378
; 38300  князь Гвидон Остров Буян
38300 1 20
; 26504 страсть, всецело поглащающая, подвалы нежити
26506 1 30
;горжет
#3379
; 38805  родительница скелетов, Замок Кащея
38805 2 35
; 77814 призрак лешего, ремесленники
77814 2 20
;кольцо
#3380
; 40012  брянский боярин, Хоромы брянского боярина
40012 2 30
;  66918 злая ведунья, новгородская деревня
66918 2 35
;браслет
#3381
; 47738  оживший палач Владимирская усадьба
47738 2 25
; 96436 Хакон Добрый, вальгалла
96436 2 70
;перчатки
#3382
; 61111 золотой дракон, посейдон
; 88831 столб каменной пыли, самоцветные горы 2
61111 1 30
88831 1 55
;плащ
#3383
; 64401 боярыня, Вышгород-Боярские хоромы
64401 1 20
; 20400 баскак, китеж
20400 1 60
;пояс
#3384
; 65310 Шар неизвестного металла, Дорога Чернигов-Брянск 1
65310 1 30
;три девы в морене
69302 1 25
69303 1 25
69304 1 25
;шлем
#3385
; 86613  призрак барона в поместье
86613 1 40
;  72408 смотритель, медные горы 
72408 1 70
;лук
#3386
; 68716  Грибич, куп.двор тотьма
68716 1 20
; 73112 могучий небесный воин, Четыре стихии
73112 1 50
;сабля
#3387
;владыка нечисти в аду в конце
66613 1 50
; 66804 Помощник главы налетчиков, налеты
66804 1 20
;кинжал
#3388
;владыка нечисти в аду в конце
66613 1 50
; 66804 Помощник главы налетчиков, налеты
66804 1 20
; копье
#3389
; 74902  ккаргота Веска Белай Русi
74902 1 30
; 20321 тушимэл - набег на китеж
20321 1 50
; щит
#3390
; тысяцкий в китеже
20202 1 30
; 87719 черный колдун 3ц
87719 1 50
; 

;----------------------------!!! СЕТ ЛУННОЙ ТЕНИ !!!----------------------------
#1200
;кровавый ворон
11801 2 30
;сегун
15705 2 70
; --- наручи ---
#1201
;соловей-разбойник
10000 4 50
;ер-боко-каан
93235 4 50
; --- поножи  ---
#1202
;торольв
13308 4 50
;берсерк Хальфдан
62207 4 50

;----------------------------!!! СЕТ ПОЛНОЙ ЛУНЫ !!!----------------------------
; --- доспех ---
#1203
;маршал в тевтонах
86211 2 50
; --- наручи ---
#1204
;возмущенная красавица в черночке
38526 4 50
; --- поножи ---
#1205
;посейдон
61101 4 50

;----------------------------!!! СЕТ СЛЕПОГО ПАЛАЧА !!!----------------------------
; --- доспех ---
#1206
;воскресший палач в детинце
80407 2 30
;страж темницы в Саркеле
56022 2 60
; --- маска ---
#1207
;палач на буяне
38304 2 50
;душегуб в воровской гильдии
62619 2 50
; --- перчатки ---
#1208
;мускулистый палач в тевтонах
86114 2 50
;квест в черниговских курганах, trig 68201

;----------------------------!!! СЕТ СОЛНЕЧНОГО ЗАТМЕНИЯ !!!----------------------------
; --- доспех ---
#1209
;Тром-сын безымянный, Лукоморье
77416 2 30
;довольный болотный упырь в топях
61316 2 50
; --- секира ---
#1210
;душа Рощи в зачарованном городе
13710 2 40
;карлик на буяне
38310 2 40
; --- шлем ---
#1211
;черт в странной
50522 2 30
;воющий утопленник
60709 2 40
; --- плащ ---
#1212
;богиня ночи
28808 2 30
;мастер кунг-фу
333343  2 60

;----------------------------!!! СЕТ ПОЛУДЕННОГО НЕБА !!!----------------------------
; --- доспех ---
#1213
;призрак ключника в заброшенной крепости
61629 2 30
;д'йин
86617 2 60
; --- копье ---
#1214
;магистр в ливонском лагере
89902 2 60
; --- шлем ---
#1215
;костяной великан на дороге к ижорам
24102 2 40
; --- плащ ---
#1216
;вожак разбойников у богатырской заставы по дороге в Ладогу
30527 2 30
;ловкач в хоромах
40015 2 50

;----------------------------!!! СЕТ ВЕРНОГО НАЕМНИКА !!!----------------------------
; --- доспех ---
#1268
;черный дракон в подземном городе
56823 2 50
; --- перчатки ---
#1269
;черный вурдалак
67107 2 40
; --- повязка ---
;#1270 global drop
; --- сапоги ---
#1271
;призрак библиотекаря
33319 2 40

;----------------------------!!! СЕТ ВЕЛИКОЙ СУДЬБЫ !!!----------------------------
; --- доспех ---
#1217
;Безумный колдун в р2
92413 1 50
;Старый омутник в аду
69103 1 40
; --- поножи ---
#1218
;дивная огненная птица
78905 1 30
; --- наручи ---
#1219
;Чернокнижник в лагере наемников
95125 1 30
; --- шлем ---
#1220
;Рольт, Башо, Кэлос или Ярпен  в замке Скипера
92200 1 20
92201 1 20
92202 1 20
92203 1 20
; --- амулет --- 
#1221
;великий черный змей
61902 1 40

;====================================================================
;----------------------------!!! РУНЫ !!!----------------------------
;====================================================================
; --- руна твердыни ---
;#200
;вторая родовая, квест хозяина хутора
; --- руна хляби --- 
#201
;старый лис около кладбища первой родовой
4720  50  120
;водяной на лесном болоте
7401  50  120
; --- руна заполнения --- 
;#202
;болото первой родовой - квест с цветком
;мельница в первой северной родовой - квест черта
; --- руна опустошения --- 
#203
;великан Усыня
91001 50  200
; --- руна восхожденчества --- 
#204
;великан Дубыня
91101 50  200
; --- руна низложения --- 
#205
;дикий вепрь на ЧБ
26015 50  50
;вихрь во дворце морского царя
33317 50  50
; --- руна света --- 
;#206
;В ПЦ квест краба
;в погосте у озера - квест лекаря
; --- руна тьмы --- 
#207
;Заколдованный лес - квест на ведьму.
;Чудские земли - награда Торольва
;шаловаливый воришка
23611 50 200
; --- руна разрушения --- 
#208
;Изувер около Корсуни
28909 50  200
; --- руна созидания --- 
#209
;Обе красавицы в погоревшем лесу
38523 50  250
38524 50  250
;Пятиглавое чудище в озерной деревне
68310 50  150
; --- руна движения --- 
#210
;Сказка-лэнд - Лихо
12110 50  150
;Половецкий лагерь (280) - квест старика (trig 28002)
;Глухой лес (76) - омутник
7615  50  120
; --- руна покоя --- 
#211
;Проклятая деревня - повелитель душ
27202 50  300
;Странствующий волхв - постоялый двор
38226 50  200
;Болдины горы - черниговский зверь
51818 50  300
; --- руна истины --- 
#212
;мудрый воевода в передовом остроге
33800 50  250
;волчица в зачарованном городе
13813 50  250
; --- руна лжи --- 
#213
;летучие мыши на кладбище 1 родовой
14505 50  100
;водяники в топях
61300 50  120
;главарь бандитов
9503 50  80
; --- руна души --- 
#214
;Квест главаря в первой родовой
;Седой игумен на Валааме
30613 50  200
; --- руна тела --- 
#215
;квест в снежной королеве
;богиня ночи
28808 50  330
; --- руна указующего перста --- 
#216
;Граф Дракула в тридевятом царстве
90011 50  120
;Атли-конунг в горемычной деревушке
62215 50  120
; --- руна единения --- 
#217
;Черт в странной
50522 50  330
; --- руна разобщения --- 
#218
;Кровавый ворон - квест
;Болдины горы - черниговский зверь
51818 50  300
; --- руна трансформации --- 
#219
;купеческая жинка в рыбацккой деревне
33032 50  200
; --- руна власти --- 
#220
;Владыка морей в ПЦ
33316 10  250
; --- руна небес --- 
#221
;Темный лес - хозяин леса
11701 50  100
;Таинственное поместье - д'йин
86617 50  120
; --- руна земли --- 
;#222
;магазинная
; --- руна воды --- 
;#223
;магазинная
; --- руна огня --- 
;#224
;магазинная
; --- руна воздуха --- 
;#225
;магазинная
; --- руна богов --- 
#226
;Царь Кащей
38800 20  200
; --- руна смерти --- 
;#227
;НЕ ВЫЛОЖЕНА
; --- руна движения --- 
;#228
;ДУБЛИКАТ
; --- руна сознания --- 
;#229
;Квест опытного охотника в птичьем лесу у 2р
; --- руна отражения --- 
#230
;Кладбище 1р - душа супостата, по квесту
;Медной горы хозяйка - хозяйка
72200 50  200
72299 50  200
;призрак черного ежа
8909 50  250
; --- руна грома --- 
;#231
;НЕ ВЫЛОЖЕНА
; --- руна благости --- 
;#232
;Из ларца в притоне
; --- руна ярости --- 
#234
;Квест хозяйки хутора во второй родовой
;бешеный колобок
24816 50 30
; --- руна вражды --- 
#235
;ловчие в княжеских угодьях у Корсуни
11605 50  500
; --- руна разума --- 
#236
;цыганский барон в таборе
61520 75  200
; --- руна живота --- 
;#238
;Сундук прелата в латинском монастыре (3дв)
; --- руна подобия --- 
#239
;Соловей-разбойник - квест рыбака
;По дороге в деревню ремесленников (триггер 77910)
;волчица в зачарованном городе
13813 50  100
; --- руна погибели --- 
#240
;По квесту в Садко
;крылатый чОрт в виряве
76111 50 180
; --- руна скорби --- 
#241
;глобальный квест, триггер 85134
;Сегун в Японии
15705 50  190
; --- руна порядка --- 
#242
;Рыбацкая деревня - квест рыбака
;Ливонский лагерь - легат
89906 50  120
; --- руна хаоса --- 
#243
;Дорога к руинам - костоправ-печенег
29004 50  150
;Квест Верхослава - тракт в Чернигов
;Старые каменоломни (235) - Вуивер
23510 50  180
; --- руна грозы --- 
#245
;черная королева-матка в муравьином лесу у Корсуни
30723 50  180
