; Format (MAX_LOAD_PROB = 1000 by default):
; #<RIGHT_obj_vnum_1>
; <RIGHT_mob_vnum_1>  <0 <= obj_qty_1>  <0 <= load_prob_1 <= MAX_LOAD_PROB>
; <RIGHT_mob_vnum_2>  <0 <= obj_qty_2>  <0 <= load_prob_2 <= MAX_LOAD_PROB>
; ..................  ................  ...................................
; <RIGHT_mob_vnum_i>  <0 <= obj_qty_i>  <0 <= load_prob_i <= MAX_LOAD_PROB>
; etc.
; Example:
;
;#500
;38800  10  500
;38801  2 1000
;--------------------
;====================================================================
;----------------------------!!! ОТВАРЫ !!!----------------------------
;====================================================================
#1723
10402 5 100
;====================================================================
;----------------------------!!! РУНЫ !!!----------------------------
;====================================================================
; --- руна твердыни ---
;#200
;вторая родовая, квест хозяина хутора
; --- руна хляби --- 
#201
;старый лис около кладбища первой родовой
4720  50  120
;водяной на лесном болоте
7401  50  120
; --- руна заполнения --- 
;#202
;болото первой родовой - квест с цветком
;мельница в первой северной родовой - квест черта
; --- руна опустошения --- 
#203
;великан Усыня
91001 50  200
; --- руна восхожденчества --- 
#204
;великан Дубыня
91101 50  200
; --- руна низложения --- 
#205
;дикий вепрь на ЧБ
26015 50  50
;вихрь во дворце морского царя
33317 50  50
; --- руна света --- 
;#206
;В ПЦ квест краба
;в погосте у озера - квест лекаря
; --- руна тьмы --- 
#207
;Заколдованный лес - квест на ведьму.
;Чудские земли - награда Торольва
;шаловаливый воришка
23611 50 200
; --- руна разрушения --- 
#208
;Изувер около Корсуни
28909 50  200
; --- руна созидания --- 
#209
;Обе красавицы в погоревшем лесу
38523 50  250
38524 50  250
;Пятиглавое чудище в озерной деревне
68310 50  150
; --- руна движения --- 
#210
;Сказка-лэнд - Лихо
12110 50  150
;Половецкий лагерь (280) - квест старика (trig 28002)
;Глухой лес (76) - омутник
7615  50  120
; --- руна покоя --- 
#211
;Проклятая деревня - повелитель душ
27202 50  300
;Странствующий волхв - постоялый двор
38226 50  200
;Болдины горы - черниговский зверь
51818 50  300
; --- руна истины --- 
#212
;мудрый воевода в передовом остроге
33800 50  250
;волчица в зачарованном городе
13813 50  250
; --- руна лжи --- 
#213
;летучие мыши на кладбище 1 родовой
14505 50  100
;водяники в топях
61300 50  120
;главарь бандитов
9503 50  80
; --- руна души --- 
#214
;Квест главаря в первой родовой
;Седой игумен на Валааме
30613 50  200
; --- руна тела --- 
#215
;квест в снежной королеве
;богиня ночи
28808 50  330
; --- руна указующего перста --- 
#216
;Граф Дракула в тридевятом царстве
90011 50  120
;Атли-конунг в горемычной деревушке
62215 50  120
; --- руна единения --- 
#217
;Черт в странной
50522 50  330
; --- руна разобщения --- 
#218
;Кровавый ворон - квест
;Болдины горы - черниговский зверь
51818 50  300
; --- руна трансформации --- 
#219
;купеческая жинка в рыбацккой деревне
33032 50  200
; --- руна власти --- 
#220
;Владыка морей в ПЦ
33316 10  250
; --- руна небес --- 
#221
;Темный лес - хозяин леса
11701 50  100
;Таинственное поместье - д'йин
86617 50  120
; --- руна земли --- 
;#222
;магазинная
; --- руна воды --- 
;#223
;магазинная
; --- руна огня --- 
;#224
;магазинная
; --- руна воздуха --- 
;#225
;магазинная
; --- руна богов --- 
#226
;Царь Кащей
38800 20  200
; --- руна смерти --- 
;#227
;НЕ ВЫЛОЖЕНА
; --- руна движения --- 
;#228
;ДУБЛИКАТ
; --- руна сознания --- 
;#229
;Квест опытного охотника в птичьем лесу у 2р
; --- руна отражения --- 
#230
;Кладбище 1р - душа супостата, по квесту
;Медной горы хозяйка - хозяйка
72200 50  200
72299 50  200
;призрак черного ежа
8909 50  250
; --- руна грома --- 
;#231
;НЕ ВЫЛОЖЕНА
; --- руна благости --- 
;#232
;Из ларца в притоне
; --- руна ярости --- 
#234
;Квест хозяйки хутора во второй родовой
;бешеный колобок
24816 50 30
; --- руна вражды --- 
#235
;ловчие в княжеских угодьях у Корсуни
11605 50  500
; --- руна разума --- 
#236
;цыганский барон в таборе
61520 75  200
; --- руна живота --- 
;#238
;Сундук прелата в латинском монастыре (3дв)
; --- руна подобия --- 
#239
;Соловей-разбойник - квест рыбака
;По дороге в деревню ремесленников (триггер 77910)
;волчица в зачарованном городе
13813 50  100
; --- руна погибели --- 
#240
;По квесту в Садко
;крылатый чОрт в виряве
76111 50 180
; --- руна скорби --- 
#241
;глобальный квест, триггер 85134
;Сегун в Японии
15705 50  190
; --- руна порядка --- 
#242
;Рыбацкая деревня - квест рыбака
;Ливонский лагерь - легат
89906 50  120
; --- руна хаоса --- 
#243
;Дорога к руинам - костоправ-печенег
29004 50  150
;Квест Верхослава - тракт в Чернигов
;Старые каменоломни (235) - Вуивер
23510 50  180
; --- руна грозы --- 
#245
;черная королева-матка в муравьином лесу у Корсуни
30723 50  180
;==================================================================
;-----------!!! НОВОГОДНИЕ ОСКОЛКИ ЛЬДА И ПРОЧ !!!-----------------
;==================================================================
; Имена мобов идут ПОСЛЕ внумов, будьте внимательны!
;-----------------------------------------------
; ----  Маленький осколок волшебного льда ------
;-----------------------------------------------
;#10670
;61314 1000000 1000
;Болотный упырь
;61606 1000000 1000
;вожак зипунников
;65820 1000000 1000
;(одичавший ворюга
;30525 1000000 1000
; золоторогий тур
;13201 1000000 500
; Баба Яга (избушка на курьих ножках)
;24274 1000000 1000
; Средняя ветрова сестра
;70100 1000000 1000
; выбеленный скелет
;66510 1000000 1000
; Злобный медведь
;86301 1000000 1000
;лохматый старый волхв
;28305 1000000 1000
; Волколак
;38300 1000000 1000
;князь Гвидон
;79442 1000000 1000
; Емельян
;35803 1000000 1000
; Молодая Баба яга 
;61410 1000000 1000
;Деревенский старейшина
; ----------------------------------------------
; --------- Шар из волшебного льда -------------
;-----------------------------------------------
;#10671
;13707 1000000 1000
;Хозяин таверны(зач город))
;33218 1000000 1000
;ураган(подвода))
;72299 1000000 1000
; (хозяйка медной горы)
;32756 1000000 1000
; (Жена капитана(морская стихия))
;70001 1000000 1000
;(Волколак(Викинги))
;72710 1000000 1000
;(Воскресший колдун(около полоцка))
;15705 1000000 1000
; (Сегун)
;77831 1000000 1000
; (Альвина)
;47740 1000000 1000
; (Колдунья(Владимирская усадьба))
;86620 1000000 1000
; огненный титан(Таинственное поместье))
;13710 1000000 1000
; душа Рощи)
;47611 1000000 1000
; Огненный дракон(Дурман трава))
;15522 1000000 1000
;Скифский шаман)
;-----------------------------------------------
; ----- Гроздь шаров из волшебного льда --------
;-----------------------------------------------
;#10672
;77405 1000000 1000
; Князь Василий)
;61101 1000000 1000
; (Посейдон)
;78907 1000000 1000
; Снежный человек)
;92508 1000000 1000
; (Пераскея)
;92120 1000000 1000
; Буря Яга)
;92622 1000000 1000
; Барон Симерон(Огненный змей)
;66613 1000000 1000
; (Владыка нечисти)
;96311 1000000 1000
; Древесный Червь(прадуб))
;20300 1000000 1000
;(Великий Хан(Китеж))
;92705 1000000 1000
; Святогор
;92305 1000000 1000
; Гневна)
;92008 1000000 1000
; (Рарог)
;79926 1000000 1000
; Ховала
;69305 1000000 1000
;(Мара-Морена)
;67905 1000000 1000
; (Огненный демон(3 зона Ада))
;79206 1000000 1000
;(Фроствирм)
;96400 1000000 1000
; (Конунг Рагнар)
;92320 1000000 1000
; Скипер-зверь)
;75229 1000000 1000
; Лойнис